[   11670ms] [ERROR] Failed to load resource: the server responded with a status of 500 (Internal Server Error) @ http://localhost:3000/:0
[   12021ms] [INFO] %cDownload the React DevTools for a better development experience: https://reactjs.org/link/react-devtools font-weight:bold @ webpack-internal:///./node_modules/react-dom/cjs/react-dom.development.js:29889
[   12087ms] ModuleParseError: Module parse failed: Unexpected character '@' (1:0)
File was processed with these loaders:
 * ./node_modules/next/dist/build/webpack/loaders/next-flight-css-loader.js
You may need an additional loader to handle the result of these loaders.
> @tailwind base;
| @tailwind components;
| @tailwind utilities;
    at <unknown> (File was processed with these loaders:)
    at handleParseError (file://C:\Users\idder\tmg\1st-texas\node_modules\next\dist\compiled\webpack\bundle5.js:28:403799)
    at <unknown> (file://C:\Users\idder\tmg\1st-texas\node_modules\next\dist\compiled\webpack\bundle5.js:28:405546)
    at processResult (file://C:\Users\idder\tmg\1st-texas\node_modules\next\dist\compiled\webpack\bundle5.js:28:401241)
    at <unknown> (file://C:\Users\idder\tmg\1st-texas\node_modules\next\dist\compiled\webpack\bundle5.js:28:402302)
    at <unknown> (file://C:\Users\idder\tmg\1st-texas\node_modules\next\dist\compiled\loader-runner\LoaderRunner.js:1:8727)
    at iterateNormalLoaders (file://C:\Users\idder\tmg\1st-texas\node_modules\next\dist\compiled\loader-runner\LoaderRunner.js:1:5565)
    at iterateNormalLoaders (file://C:\Users\idder\tmg\1st-texas\node_modules\next\dist\compiled\loader-runner\LoaderRunner.js:1:5650)
    at <unknown> (file://C:\Users\idder\tmg\1st-texas\node_modules\next\dist\compiled\loader-runner\LoaderRunner.js:1:5879)
    at runSyncOrAsync (file://C:\Users\idder\tmg\1st-texas\node_modules\next\dist\compiled\loader-runner\LoaderRunner.js:1:4293)
    at iterateNormalLoaders (file://C:\Users\idder\tmg\1st-texas\node_modules\next\dist\compiled\loader-runner\LoaderRunner.js:1:5782)
    at <unknown> (file://C:\Users\idder\tmg\1st-texas\node_modules\next\dist\compiled\loader-runner\LoaderRunner.js:1:5426)
    at <unknown> (file://C:\Users\idder\tmg\1st-texas\node_modules\next\dist\compiled\webpack\bundle5.js:28:401777)
    at eval (file://C:\Users\idder\tmg\1st-texas\node_modules\next\dist\compiled\webpack\bundle5.js:13:28858)
    at <unknown> (file://C:\Users\idder\tmg\1st-texas\node_modules\next\dist\build\webpack\plugins\profiling-plugin.js:179:29)
    at process.processTicksAndRejections (node:internal/process/task_queues:90:21)
[   12081ms] [LOG] [HMR] connected @ webpack-internal:///./node_modules/next/dist/client/components/react-dev-overlay/pages/websocket.js:45
[   12086ms] [ERROR] ./app/globals.css
Module parse failed: Unexpected character '@' (1:0)
> @tailwind base;
| @tailwind components;
| @tailwind utilities; @ webpack-internal:///./node_modules/next/dist/client/components/react-dev-overlay/internal/helpers/hydration-error-info.js:62
[   12114ms] [ERROR] Failed to load resource: the server responded with a status of 404 (Not Found) @ http://localhost:3000/favicon.ico:0
